No test commands provided.
